Archive member included to satisfy reference by file (symbol)

c:/program files (x86)/atmel/studio/7.0/toolchain/avr8/avr8-gnu-toolchain/bin/../lib/gcc/avr/5.4.0/../../../../avr/lib/avr5\libm.a(addsf3.o)
                              LCD_program.o (__subsf3)
c:/program files (x86)/atmel/studio/7.0/toolchain/avr8/avr8-gnu-toolchain/bin/../lib/gcc/avr/5.4.0/../../../../avr/lib/avr5\libm.a(addsf3x.o)
                              c:/program files (x86)/atmel/studio/7.0/toolchain/avr8/avr8-gnu-toolchain/bin/../lib/gcc/avr/5.4.0/../../../../avr/lib/avr5\libm.a(addsf3.o) (__addsf3x)
c:/program files (x86)/atmel/studio/7.0/toolchain/avr8/avr8-gnu-toolchain/bin/../lib/gcc/avr/5.4.0/../../../../avr/lib/avr5\libm.a(cmpsf2.o)
                              LCD_program.o (__ltsf2)
c:/program files (x86)/atmel/studio/7.0/toolchain/avr8/avr8-gnu-toolchain/bin/../lib/gcc/avr/5.4.0/../../../../avr/lib/avr5\libm.a(fixunssfsi.o)
                              LCD_program.o (__fixunssfsi)
c:/program files (x86)/atmel/studio/7.0/toolchain/avr8/avr8-gnu-toolchain/bin/../lib/gcc/avr/5.4.0/../../../../avr/lib/avr5\libm.a(floatsisf.o)
                              LCD_program.o (__floatunsisf)
c:/program files (x86)/atmel/studio/7.0/toolchain/avr8/avr8-gnu-toolchain/bin/../lib/gcc/avr/5.4.0/../../../../avr/lib/avr5\libm.a(fp_cmp.o)
                              c:/program files (x86)/atmel/studio/7.0/toolchain/avr8/avr8-gnu-toolchain/bin/../lib/gcc/avr/5.4.0/../../../../avr/lib/avr5\libm.a(cmpsf2.o) (__fp_cmp)
c:/program files (x86)/atmel/studio/7.0/toolchain/avr8/avr8-gnu-toolchain/bin/../lib/gcc/avr/5.4.0/../../../../avr/lib/avr5\libm.a(fp_inf.o)
                              c:/program files (x86)/atmel/studio/7.0/toolchain/avr8/avr8-gnu-toolchain/bin/../lib/gcc/avr/5.4.0/../../../../avr/lib/avr5\libm.a(addsf3x.o) (__fp_inf)
c:/program files (x86)/atmel/studio/7.0/toolchain/avr8/avr8-gnu-toolchain/bin/../lib/gcc/avr/5.4.0/../../../../avr/lib/avr5\libm.a(fp_nan.o)
                              c:/program files (x86)/atmel/studio/7.0/toolchain/avr8/avr8-gnu-toolchain/bin/../lib/gcc/avr/5.4.0/../../../../avr/lib/avr5\libm.a(addsf3x.o) (__fp_nan)
c:/program files (x86)/atmel/studio/7.0/toolchain/avr8/avr8-gnu-toolchain/bin/../lib/gcc/avr/5.4.0/../../../../avr/lib/avr5\libm.a(fp_pscA.o)
                              c:/program files (x86)/atmel/studio/7.0/toolchain/avr8/avr8-gnu-toolchain/bin/../lib/gcc/avr/5.4.0/../../../../avr/lib/avr5\libm.a(addsf3x.o) (__fp_pscA)
c:/program files (x86)/atmel/studio/7.0/toolchain/avr8/avr8-gnu-toolchain/bin/../lib/gcc/avr/5.4.0/../../../../avr/lib/avr5\libm.a(fp_pscB.o)
                              c:/program files (x86)/atmel/studio/7.0/toolchain/avr8/avr8-gnu-toolchain/bin/../lib/gcc/avr/5.4.0/../../../../avr/lib/avr5\libm.a(addsf3x.o) (__fp_pscB)
c:/program files (x86)/atmel/studio/7.0/toolchain/avr8/avr8-gnu-toolchain/bin/../lib/gcc/avr/5.4.0/../../../../avr/lib/avr5\libm.a(fp_round.o)
                              c:/program files (x86)/atmel/studio/7.0/toolchain/avr8/avr8-gnu-toolchain/bin/../lib/gcc/avr/5.4.0/../../../../avr/lib/avr5\libm.a(addsf3.o) (__fp_round)
c:/program files (x86)/atmel/studio/7.0/toolchain/avr8/avr8-gnu-toolchain/bin/../lib/gcc/avr/5.4.0/../../../../avr/lib/avr5\libm.a(fp_split3.o)
                              c:/program files (x86)/atmel/studio/7.0/toolchain/avr8/avr8-gnu-toolchain/bin/../lib/gcc/avr/5.4.0/../../../../avr/lib/avr5\libm.a(addsf3x.o) (__fp_split3)
c:/program files (x86)/atmel/studio/7.0/toolchain/avr8/avr8-gnu-toolchain/bin/../lib/gcc/avr/5.4.0/../../../../avr/lib/avr5\libm.a(fp_zero.o)
                              c:/program files (x86)/atmel/studio/7.0/toolchain/avr8/avr8-gnu-toolchain/bin/../lib/gcc/avr/5.4.0/../../../../avr/lib/avr5\libm.a(addsf3x.o) (__fp_zero)
c:/program files (x86)/atmel/studio/7.0/toolchain/avr8/avr8-gnu-toolchain/bin/../lib/gcc/avr/5.4.0/../../../../avr/lib/avr5\libm.a(mulsf3.o)
                              LCD_program.o (__mulsf3)
c:/program files (x86)/atmel/studio/7.0/toolchain/avr8/avr8-gnu-toolchain/bin/../lib/gcc/avr/5.4.0/../../../../avr/lib/avr5\libm.a(mulsf3x.o)
                              c:/program files (x86)/atmel/studio/7.0/toolchain/avr8/avr8-gnu-toolchain/bin/../lib/gcc/avr/5.4.0/../../../../avr/lib/avr5\libm.a(mulsf3.o) (__mulsf3x)
c:/program files (x86)/atmel/studio/7.0/toolchain/avr8/avr8-gnu-toolchain/bin/../lib/gcc/avr/5.4.0/avr5\libgcc.a(_udivmodsi4.o)
                              UART_program.o (__udivmodsi4)
c:/program files (x86)/atmel/studio/7.0/toolchain/avr8/avr8-gnu-toolchain/bin/../lib/gcc/avr/5.4.0/avr5\libgcc.a(_exit.o)
                              C:/Program Files (x86)/Atmel/Studio/7.0/Packs/Atmel/ATmega_DFP/1.7.374/gcc/dev/atmega32/avr5/crtatmega32.o (exit)
c:/program files (x86)/atmel/studio/7.0/toolchain/avr8/avr8-gnu-toolchain/bin/../lib/gcc/avr/5.4.0/avr5\libgcc.a(_tablejump2.o)
                              ADC_program.o (__tablejump2__)
c:/program files (x86)/atmel/studio/7.0/toolchain/avr8/avr8-gnu-toolchain/bin/../lib/gcc/avr/5.4.0/avr5\libgcc.a(_copy_data.o)
                              Air_condition.o (__do_copy_data)
c:/program files (x86)/atmel/studio/7.0/toolchain/avr8/avr8-gnu-toolchain/bin/../lib/gcc/avr/5.4.0/avr5\libgcc.a(_clear_bss.o)
                              Air_condition.o (__do_clear_bss)
c:/program files (x86)/atmel/studio/7.0/toolchain/avr8/avr8-gnu-toolchain/bin/../lib/gcc/avr/5.4.0/../../../../avr/lib/avr5\libc.a(sprintf.o)
                              LCD_program.o (sprintf)
c:/program files (x86)/atmel/studio/7.0/toolchain/avr8/avr8-gnu-toolchain/bin/../lib/gcc/avr/5.4.0/../../../../avr/lib/avr5\libc.a(vfprintf_std.o)
                              c:/program files (x86)/atmel/studio/7.0/toolchain/avr8/avr8-gnu-toolchain/bin/../lib/gcc/avr/5.4.0/../../../../avr/lib/avr5\libc.a(sprintf.o) (vfprintf)
c:/program files (x86)/atmel/studio/7.0/toolchain/avr8/avr8-gnu-toolchain/bin/../lib/gcc/avr/5.4.0/../../../../avr/lib/avr5\libc.a(strnlen_P.o)
                              c:/program files (x86)/atmel/studio/7.0/toolchain/avr8/avr8-gnu-toolchain/bin/../lib/gcc/avr/5.4.0/../../../../avr/lib/avr5\libc.a(vfprintf_std.o) (strnlen_P)
c:/program files (x86)/atmel/studio/7.0/toolchain/avr8/avr8-gnu-toolchain/bin/../lib/gcc/avr/5.4.0/../../../../avr/lib/avr5\libc.a(strnlen.o)
                              c:/program files (x86)/atmel/studio/7.0/toolchain/avr8/avr8-gnu-toolchain/bin/../lib/gcc/avr/5.4.0/../../../../avr/lib/avr5\libc.a(vfprintf_std.o) (strnlen)
c:/program files (x86)/atmel/studio/7.0/toolchain/avr8/avr8-gnu-toolchain/bin/../lib/gcc/avr/5.4.0/../../../../avr/lib/avr5\libc.a(fputc.o)
                              c:/program files (x86)/atmel/studio/7.0/toolchain/avr8/avr8-gnu-toolchain/bin/../lib/gcc/avr/5.4.0/../../../../avr/lib/avr5\libc.a(vfprintf_std.o) (fputc)
c:/program files (x86)/atmel/studio/7.0/toolchain/avr8/avr8-gnu-toolchain/bin/../lib/gcc/avr/5.4.0/../../../../avr/lib/avr5\libc.a(ultoa_invert.o)
                              c:/program files (x86)/atmel/studio/7.0/toolchain/avr8/avr8-gnu-toolchain/bin/../lib/gcc/avr/5.4.0/../../../../avr/lib/avr5\libc.a(vfprintf_std.o) (__ultoa_invert)
c:/program files (x86)/atmel/studio/7.0/toolchain/avr8/avr8-gnu-toolchain/bin/../lib/gcc/avr/5.4.0/avr5\libgcc.a(_prologue.o)
                              c:/program files (x86)/atmel/studio/7.0/toolchain/avr8/avr8-gnu-toolchain/bin/../lib/gcc/avr/5.4.0/../../../../avr/lib/avr5\libc.a(sprintf.o) (__prologue_saves__)
c:/program files (x86)/atmel/studio/7.0/toolchain/avr8/avr8-gnu-toolchain/bin/../lib/gcc/avr/5.4.0/avr5\libgcc.a(_epilogue.o)
                              c:/program files (x86)/atmel/studio/7.0/toolchain/avr8/avr8-gnu-toolchain/bin/../lib/gcc/avr/5.4.0/../../../../avr/lib/avr5\libc.a(sprintf.o) (__epilogue_restores__)

Allocating common symbols
Common symbol       size              file

response            0x1               smart_lock.o
LogInFlag           0x1               Bluetooth_Control.o
check_user          0x1               Bluetooth_Control.o
pass                0x4               Bluetooth_Control.o
EEPROM_user         0x4               Bluetooth_Control.o
CB_UDR              0x2               UART_program.o
CB_TX               0x2               UART_program.o
LOC_PtrFunCBINT2    0x2               EXTI_program.o
logInFlag           0x1               smart_lock.o
UserId              0x1               smart_lock.o
user                0x4               Bluetooth_Control.o
u32ReturnedValue    0x4               Bluetooth_Control.o
check               0x1               Bluetooth_Control.o
EEPROM_pass         0x4               Bluetooth_Control.o
recive              0x1               smart_lock.o
LOC_PtrFunCBINT0    0x2               EXTI_program.o
choice              0x1               smart_lock.o
CB_RX               0x2               UART_program.o
LOC_PtrFunCBINT1    0x2               EXTI_program.o
u8ReturnedValue     0x1               Air_condition.o
pass_check          0x1               Bluetooth_Control.o

Discarded input sections

 .data          0x00000000        0x0 C:/Program Files (x86)/Atmel/Studio/7.0/Packs/Atmel/ATmega_DFP/1.7.374/gcc/dev/atmega32/avr5/crtatmega32.o
 .bss           0x00000000        0x0 C:/Program Files (x86)/Atmel/Studio/7.0/Packs/Atmel/ATmega_DFP/1.7.374/gcc/dev/atmega32/avr5/crtatmega32.o
 .text          0x00000000        0x0 ADC_program.o
 .data          0x00000000        0x0 ADC_program.o
 .bss           0x00000000        0x0 ADC_program.o
 .text          0x00000000        0x0 Air_condition.o
 .data          0x00000000        0x0 Air_condition.o
 .bss           0x00000000        0x0 Air_condition.o
 .text          0x00000000        0x0 Bluetooth_Control.o
 .data          0x00000000        0x0 Bluetooth_Control.o
 .bss           0x00000000        0x0 Bluetooth_Control.o
 .text          0x00000000        0x0 Control_Rooms.o
 .data          0x00000000        0x0 Control_Rooms.o
 .bss           0x00000000        0x0 Control_Rooms.o
 .text          0x00000000        0x0 DC_Motor_program.o
 .data          0x00000000        0x0 DC_Motor_program.o
 .bss           0x00000000        0x0 DC_Motor_program.o
 .text          0x00000000        0x0 DIO_program.o
 .data          0x00000000        0x0 DIO_program.o
 .bss           0x00000000        0x0 DIO_program.o
 .text.DIO_vidTogglePin
                0x00000000       0x68 DIO_program.o
 .text.DIO_vidSetPortMode
                0x00000000       0x48 DIO_program.o
 .text.DIO_vidWritePort
                0x00000000       0x20 DIO_program.o
 .text          0x00000000        0x0 EEPROM_program.o
 .data          0x00000000        0x0 EEPROM_program.o
 .bss           0x00000000        0x0 EEPROM_program.o
 .text          0x00000000        0x0 EXTI_program.o
 .data          0x00000000        0x0 EXTI_program.o
 .bss           0x00000000        0x0 EXTI_program.o
 .text          0x00000000        0x0 KPD_program.o
 .data          0x00000000        0x0 KPD_program.o
 .bss           0x00000000        0x0 KPD_program.o
 .text          0x00000000        0x0 LCD_program.o
 .data          0x00000000        0x0 LCD_program.o
 .bss           0x00000000        0x0 LCD_program.o
 .text.LCD_vidDisplayRealNumber
                0x00000000       0xec LCD_program.o
 .text          0x00000000        0x0 LED_programe.o
 .data          0x00000000        0x0 LED_programe.o
 .bss           0x00000000        0x0 LED_programe.o
 .text.LED_vidToggle
                0x00000000        0x6 LED_programe.o
 .text          0x00000000        0x0 LM35_program.o
 .data          0x00000000        0x0 LM35_program.o
 .bss           0x00000000        0x0 LM35_program.o
 .text          0x00000000        0x0 main.o
 .data          0x00000000        0x0 main.o
 .bss           0x00000000        0x0 main.o
 .text          0x00000000        0x0 SERVO_program.o
 .data          0x00000000        0x0 SERVO_program.o
 .bss           0x00000000        0x0 SERVO_program.o
 .text          0x00000000        0x0 smart_lock.o
 .data          0x00000000        0x0 smart_lock.o
 .bss           0x00000000        0x0 smart_lock.o
 .text.remove_EEPROM
                0x00000000       0x96 smart_lock.o
 .bss.door      0x00000000        0x1 smart_lock.o
 .bss.u8TurnOff
                0x00000000        0x1 smart_lock.o
 .bss.u8TurnOn  0x00000000        0x1 smart_lock.o
 .bss.u8Status  0x00000000        0x1 smart_lock.o
 .text          0x00000000        0x0 SWT_program.o
 .data          0x00000000        0x0 SWT_program.o
 .bss           0x00000000        0x0 SWT_program.o
 .text.SWT_enuRead
                0x00000000        0x6 SWT_program.o
 .text          0x00000000        0x0 UART_program.o
 .data          0x00000000        0x0 UART_program.o
 .bss           0x00000000        0x0 UART_program.o
 .text.USART_vidEnableUDREInterrupt
                0x00000000        0x4 UART_program.o
 .text.USART_vidSetCBTX
                0x00000000        0xa UART_program.o
 .text.USART_vidSetCBRX
                0x00000000        0xa UART_program.o
 .text.USART_vidSetCBUDRE
                0x00000000        0xa UART_program.o
 .text.USART_vidSendu32Block
                0x00000000       0x42 UART_program.o
 .text.USART_u32Recieveu32Block
                0x00000000       0x4a UART_program.o
 COMMON         0x00000000        0x6 UART_program.o
 .text          0x00000000        0x0 c:/program files (x86)/atmel/studio/7.0/toolchain/avr8/avr8-gnu-toolchain/bin/../lib/gcc/avr/5.4.0/../../../../avr/lib/avr5\libm.a(addsf3.o)
 .data          0x00000000        0x0 c:/program files (x86)/atmel/studio/7.0/toolchain/avr8/avr8-gnu-toolchain/bin/../lib/gcc/avr/5.4.0/../../../../avr/lib/avr5\libm.a(addsf3.o)
 .bss           0x00000000        0x0 c:/program files (x86)/atmel/studio/7.0/toolchain/avr8/avr8-gnu-toolchain/bin/../lib/gcc/avr/5.4.0/../../../../avr/lib/avr5\libm.a(addsf3.o)
 .text          0x00000000        0x0 c:/program files (x86)/atmel/studio/7.0/toolchain/avr8/avr8-gnu-toolchain/bin/../lib/gcc/avr/5.4.0/../../../../avr/lib/avr5\libm.a(addsf3x.o)
 .data          0x00000000        0x0 c:/program files (x86)/atmel/studio/7.0/toolchain/avr8/avr8-gnu-toolchain/bin/../lib/gcc/avr/5.4.0/../../../../avr/lib/avr5\libm.a(addsf3x.o)
 .bss           0x00000000        0x0 c:/program files (x86)/atmel/studio/7.0/toolchain/avr8/avr8-gnu-toolchain/bin/../lib/gcc/avr/5.4.0/../../../../avr/lib/avr5\libm.a(addsf3x.o)
 .text          0x00000000        0x0 c:/program files (x86)/atmel/studio/7.0/toolchain/avr8/avr8-gnu-toolchain/bin/../lib/gcc/avr/5.4.0/../../../../avr/lib/avr5\libm.a(cmpsf2.o)
 .data          0x00000000        0x0 c:/program files (x86)/atmel/studio/7.0/toolchain/avr8/avr8-gnu-toolchain/bin/../lib/gcc/avr/5.4.0/../../../../avr/lib/avr5\libm.a(cmpsf2.o)
 .bss           0x00000000        0x0 c:/program files (x86)/atmel/studio/7.0/toolchain/avr8/avr8-gnu-toolchain/bin/../lib/gcc/avr/5.4.0/../../../../avr/lib/avr5\libm.a(cmpsf2.o)
 .text.avr-libc.fplib
                0x00000000        0xa c:/program files (x86)/atmel/studio/7.0/toolchain/avr8/avr8-gnu-toolchain/bin/../lib/gcc/avr/5.4.0/../../../../avr/lib/avr5\libm.a(cmpsf2.o)
 .text          0x00000000        0x0 c:/program files (x86)/atmel/studio/7.0/toolchain/avr8/avr8-gnu-toolchain/bin/../lib/gcc/avr/5.4.0/../../../../avr/lib/avr5\libm.a(fixunssfsi.o)
 .data          0x00000000        0x0 c:/program files (x86)/atmel/studio/7.0/toolchain/avr8/avr8-gnu-toolchain/bin/../lib/gcc/avr/5.4.0/../../../../avr/lib/avr5\libm.a(fixunssfsi.o)
 .bss           0x00000000        0x0 c:/program files (x86)/atmel/studio/7.0/toolchain/avr8/avr8-gnu-toolchain/bin/../lib/gcc/avr/5.4.0/../../../../avr/lib/avr5\libm.a(fixunssfsi.o)
 .text          0x00000000        0x0 c:/program files (x86)/atmel/studio/7.0/toolchain/avr8/avr8-gnu-toolchain/bin/../lib/gcc/avr/5.4.0/../../../../avr/lib/avr5\libm.a(floatsisf.o)
 .data          0x00000000        0x0 c:/program files (x86)/atmel/studio/7.0/toolchain/avr8/avr8-gnu-toolchain/bin/../lib/gcc/avr/5.4.0/../../../../avr/lib/avr5\libm.a(floatsisf.o)
 .bss           0x00000000        0x0 c:/program files (x86)/atmel/studio/7.0/toolchain/avr8/avr8-gnu-toolchain/bin/../lib/gcc/avr/5.4.0/../../../../avr/lib/avr5\libm.a(floatsisf.o)
 .text          0x00000000        0x0 c:/program files (x86)/atmel/studio/7.0/toolchain/avr8/avr8-gnu-toolchain/bin/../lib/gcc/avr/5.4.0/../../../../avr/lib/avr5\libm.a(fp_cmp.o)
 .data          0x00000000        0x0 c:/program files (x86)/atmel/studio/7.0/toolchain/avr8/avr8-gnu-toolchain/bin/../lib/gcc/avr/5.4.0/../../../../avr/lib/avr5\libm.a(fp_cmp.o)
 .bss           0x00000000        0x0 c:/program files (x86)/atmel/studio/7.0/toolchain/avr8/avr8-gnu-toolchain/bin/../lib/gcc/avr/5.4.0/../../../../avr/lib/avr5\libm.a(fp_cmp.o)
 .text.avr-libc.fplib
                0x00000000       0x48 c:/program files (x86)/atmel/studio/7.0/toolchain/avr8/avr8-gnu-toolchain/bin/../lib/gcc/avr/5.4.0/../../../../avr/lib/avr5\libm.a(fp_cmp.o)
 .text          0x00000000        0x0 c:/program files (x86)/atmel/studio/7.0/toolchain/avr8/avr8-gnu-toolchain/bin/../lib/gcc/avr/5.4.0/../../../../avr/lib/avr5\libm.a(fp_inf.o)
 .data          0x00000000        0x0 c:/program files (x86)/atmel/studio/7.0/toolchain/avr8/avr8-gnu-toolchain/bin/../lib/gcc/avr/5.4.0/../../../../avr/lib/avr5\libm.a(fp_inf.o)
 .bss           0x00000000        0x0 c:/program files (x86)/atmel/studio/7.0/toolchain/avr8/avr8-gnu-toolchain/bin/../lib/gcc/avr/5.4.0/../../../../avr/lib/avr5\libm.a(fp_inf.o)
 .text          0x00000000        0x0 c:/program files (x86)/atmel/studio/7.0/toolchain/avr8/avr8-gnu-toolchain/bin/../lib/gcc/avr/5.4.0/../../../../avr/lib/avr5\libm.a(fp_nan.o)
 .data          0x00000000        0x0 c:/program files (x86)/atmel/studio/7.0/toolchain/avr8/avr8-gnu-toolchain/bin/../lib/gcc/avr/5.4.0/../../../../avr/lib/avr5\libm.a(fp_nan.o)
 .bss           0x00000000        0x0 c:/program files (x86)/atmel/studio/7.0/toolchain/avr8/avr8-gnu-toolchain/bin/../lib/gcc/avr/5.4.0/../../../../avr/lib/avr5\libm.a(fp_nan.o)
 .text          0x00000000        0x0 c:/program files (x86)/atmel/studio/7.0/toolchain/avr8/avr8-gnu-toolchain/bin/../lib/gcc/avr/5.4.0/../../../../avr/lib/avr5\libm.a(fp_pscA.o)
 .data          0x00000000        0x0 c:/program files (x86)/atmel/studio/7.0/toolchain/avr8/avr8-gnu-toolchain/bin/../lib/gcc/avr/5.4.0/../../../../avr/lib/avr5\libm.a(fp_pscA.o)
 .bss           0x00000000        0x0 c:/program files (x86)/atmel/studio/7.0/toolchain/avr8/avr8-gnu-toolchain/bin/../lib/gcc/avr/5.4.0/../../../../avr/lib/avr5\libm.a(fp_pscA.o)
 .text          0x00000000        0x0 c:/program files (x86)/atmel/studio/7.0/toolchain/avr8/avr8-gnu-toolchain/bin/../lib/gcc/avr/5.4.0/../../../../avr/lib/avr5\libm.a(fp_pscB.o)
 .data          0x00000000        0x0 c:/program files (x86)/atmel/studio/7.0/toolchain/avr8/avr8-gnu-toolchain/bin/../lib/gcc/avr/5.4.0/../../../../avr/lib/avr5\libm.a(fp_pscB.o)
 .bss           0x00000000        0x0 c:/program files (x86)/atmel/studio/7.0/toolchain/avr8/avr8-gnu-toolchain/bin/../lib/gcc/avr/5.4.0/../../../../avr/lib/avr5\libm.a(fp_pscB.o)
 .text          0x00000000        0x0 c:/program files (x86)/atmel/studio/7.0/toolchain/avr8/avr8-gnu-toolchain/bin/../lib/gcc/avr/5.4.0/../../../../avr/lib/avr5\libm.a(fp_round.o)
 .data          0x00000000        0x0 c:/program files (x86)/atmel/studio/7.0/toolchain/avr8/avr8-gnu-toolchain/bin/../lib/gcc/avr/5.4.0/../../../../avr/lib/avr5\libm.a(fp_round.o)
 .bss           0x00000000        0x0 c:/program files (x86)/atmel/studio/7.0/toolchain/avr8/avr8-gnu-toolchain/bin/../lib/gcc/avr/5.4.0/../../../../avr/lib/avr5\libm.a(fp_round.o)
 .text          0x00000000        0x0 c:/program files (x86)/atmel/studio/7.0/toolchain/avr8/avr8-gnu-toolchain/bin/../lib/gcc/avr/5.4.0/../../../../avr/lib/avr5\libm.a(fp_split3.o)
 .data          0x00000000        0x0 c:/program files (x86)/atmel/studio/7.0/toolchain/avr8/avr8-gnu-toolchain/bin/../lib/gcc/avr/5.4.0/../../../../avr/lib/avr5\libm.a(fp_split3.o)
 .bss           0x00000000        0x0 c:/program files (x86)/atmel/studio/7.0/toolchain/avr8/avr8-gnu-toolchain/bin/../lib/gcc/avr/5.4.0/../../../../avr/lib/avr5\libm.a(fp_split3.o)
 .text          0x00000000        0x0 c:/program files (x86)/atmel/studio/7.0/toolchain/avr8/avr8-gnu-toolchain/bin/../lib/gcc/avr/5.4.0/../../../../avr/lib/avr5\libm.a(fp_zero.o)
 .data          0x00000000        0x0 c:/program files (x86)/atmel/studio/7.0/toolchain/avr8/avr8-gnu-toolchain/bin/../lib/gcc/avr/5.4.0/../../../../avr/lib/avr5\libm.a(fp_zero.o)
 .bss           0x00000000        0x0 c:/program files (x86)/atmel/studio/7.0/toolchain/avr8/avr8-gnu-toolchain/bin/../lib/gcc/avr/5.4.0/../../../../avr/lib/avr5\libm.a(fp_zero.o)
 .text          0x00000000        0x0 c:/program files (x86)/atmel/studio/7.0/toolchain/avr8/avr8-gnu-toolchain/bin/../lib/gcc/avr/5.4.0/../../../../avr/lib/avr5\libm.a(mulsf3.o)
 .data          0x00000000        0x0 c:/program files (x86)/atmel/studio/7.0/toolchain/avr8/avr8-gnu-toolchain/bin/../lib/gcc/avr/5.4.0/../../../../avr/lib/avr5\libm.a(mulsf3.o)
 .bss           0x00000000        0x0 c:/program files (x86)/atmel/studio/7.0/toolchain/avr8/avr8-gnu-toolchain/bin/../lib/gcc/avr/5.4.0/../../../../avr/lib/avr5\libm.a(mulsf3.o)
 .text          0x00000000        0x0 c:/program files (x86)/atmel/studio/7.0/toolchain/avr8/avr8-gnu-toolchain/bin/../lib/gcc/avr/5.4.0/../../../../avr/lib/avr5\libm.a(mulsf3x.o)
 .data          0x00000000        0x0 c:/program files (x86)/atmel/studio/7.0/toolchain/avr8/avr8-gnu-toolchain/bin/../lib/gcc/avr/5.4.0/../../../../avr/lib/avr5\libm.a(mulsf3x.o)
 .bss           0x00000000        0x0 c:/program files (x86)/atmel/studio/7.0/toolchain/avr8/avr8-gnu-toolchain/bin/../lib/gcc/avr/5.4.0/../../../../avr/lib/avr5\libm.a(mulsf3x.o)
 .text          0x00000000        0x0 c:/program files (x86)/atmel/studio/7.0/toolchain/avr8/avr8-gnu-toolchain/bin/../lib/gcc/avr/5.4.0/avr5\libgcc.a(_udivmodsi4.o)
 .data          0x00000000        0x0 c:/program files (x86)/atmel/studio/7.0/toolchain/avr8/avr8-gnu-toolchain/bin/../lib/gcc/avr/5.4.0/avr5\libgcc.a(_udivmodsi4.o)
 .bss           0x00000000        0x0 c:/program files (x86)/atmel/studio/7.0/toolchain/avr8/avr8-gnu-toolchain/bin/../lib/gcc/avr/5.4.0/avr5\libgcc.a(_udivmodsi4.o)
 .text.libgcc.mul
                0x00000000        0x0 c:/program files (x86)/atmel/studio/7.0/toolchain/avr8/avr8-gnu-toolchain/bin/../lib/gcc/avr/5.4.0/avr5\libgcc.a(_udivmodsi4.o)
 .text.libgcc   0x00000000        0x0 c:/program files (x86)/atmel/studio/7.0/toolchain/avr8/avr8-gnu-toolchain/bin/../lib/gcc/avr/5.4.0/avr5\libgcc.a(_udivmodsi4.o)
 .text.libgcc.prologue
                0x00000000        0x0 c:/program files (x86)/atmel/studio/7.0/toolchain/avr8/avr8-gnu-toolchain/bin/../lib/gcc/avr/5.4.0/avr5\libgcc.a(_udivmodsi4.o)
 .text.libgcc.builtins
                0x00000000        0x0 c:/program files (x86)/atmel/studio/7.0/toolchain/avr8/avr8-gnu-toolchain/bin/../lib/gcc/avr/5.4.0/avr5\libgcc.a(_udivmodsi4.o)
 .text.libgcc.fmul
                0x00000000        0x0 c:/program files (x86)/atmel/studio/7.0/toolchain/avr8/avr8-gnu-toolchain/bin/../lib/gcc/avr/5.4.0/avr5\libgcc.a(_udivmodsi4.o)
 .text.libgcc.fixed
                0x00000000        0x0 c:/program files (x86)/atmel/studio/7.0/toolchain/avr8/avr8-gnu-toolchain/bin/../lib/gcc/avr/5.4.0/avr5\libgcc.a(_udivmodsi4.o)
 .text          0x00000000        0x0 c:/program files (x86)/atmel/studio/7.0/toolchain/avr8/avr8-gnu-toolchain/bin/../lib/gcc/avr/5.4.0/avr5\libgcc.a(_exit.o)
 .data          0x00000000        0x0 c:/program files (x86)/atmel/studio/7.0/toolchain/avr8/avr8-gnu-toolchain/bin/../lib/gcc/avr/5.4.0/avr5\libgcc.a(_exit.o)
 .bss           0x00000000        0x0 c:/program files (x86)/atmel/studio/7.0/toolchain/avr8/avr8-gnu-toolchain/bin/../lib/gcc/avr/5.4.0/avr5\libgcc.a(_exit.o)
 .text.libgcc.mul
                0x00000000        0x0 c:/program files (x86)/atmel/studio/7.0/toolchain/avr8/avr8-gnu-toolchain/bin/../lib/gcc/avr/5.4.0/avr5\libgcc.a(_exit.o)
 .text.libgcc.div
                0x00000000        0x0 c:/program files (x86)/atmel/studio/7.0/toolchain/avr8/avr8-gnu-toolchain/bin/../lib/gcc/avr/5.4.0/avr5\libgcc.a(_exit.o)
 .text.libgcc   0x00000000        0x0 c:/program files (x86)/atmel/studio/7.0/toolchain/avr8/avr8-gnu-toolchain/bin/../lib/gcc/avr/5.4.0/avr5\libgcc.a(_exit.o)
 .text.libgcc.prologue
                0x00000000        0x0 c:/program files (x86)/atmel/studio/7.0/toolchain/avr8/avr8-gnu-toolchain/bin/../lib/gcc/avr/5.4.0/avr5\libgcc.a(_exit.o)
 .text.libgcc.builtins
                0x00000000        0x0 c:/program files (x86)/atmel/studio/7.0/toolchain/avr8/avr8-gnu-toolchain/bin/../lib/gcc/avr/5.4.0/avr5\libgcc.a(_exit.o)
 .text.libgcc.fmul
                0x00000000        0x0 c:/program files (x86)/atmel/studio/7.0/toolchain/avr8/avr8-gnu-toolchain/bin/../lib/gcc/avr/5.4.0/avr5\libgcc.a(_exit.o)
 .text.libgcc.fixed
                0x00000000        0x0 c:/program files (x86)/atmel/studio/7.0/toolchain/avr8/avr8-gnu-toolchain/bin/../lib/gcc/avr/5.4.0/avr5\libgcc.a(_exit.o)
 .text          0x00000000        0x0 c:/program files (x86)/atmel/studio/7.0/toolchain/avr8/avr8-gnu-toolchain/bin/../lib/gcc/avr/5.4.0/avr5\libgcc.a(_tablejump2.o)
 .data          0x00000000        0x0 c:/program files (x86)/atmel/studio/7.0/toolchain/avr8/avr8-gnu-toolchain/bin/../lib/gcc/avr/5.4.0/avr5\libgcc.a(_tablejump2.o)
 .bss           0x00000000        0x0 c:/program files (x86)/atmel/studio/7.0/toolchain/avr8/avr8-gnu-toolchain/bin/../lib/gcc/avr/5.4.0/avr5\libgcc.a(_tablejump2.o)
 .text.libgcc.mul
                0x00000000        0x0 c:/program files (x86)/atmel/studio/7.0/toolchain/avr8/avr8-gnu-toolchain/bin/../lib/gcc/avr/5.4.0/avr5\libgcc.a(_tablejump2.o)
 .text.libgcc.div
                0x00000000        0x0 c:/program files (x86)/atmel/studio/7.0/toolchain/avr8/avr8-gnu-toolchain/bin/../lib/gcc/avr/5.4.0/avr5\libgcc.a(_tablejump2.o)
 .text.libgcc.prologue
                0x00000000        0x0 c:/program files (x86)/atmel/studio/7.0/toolchain/avr8/avr8-gnu-toolchain/bin/../lib/gcc/avr/5.4.0/avr5\libgcc.a(_tablejump2.o)
 .text.libgcc.builtins
                0x00000000        0x0 c:/program files (x86)/atmel/studio/7.0/toolchain/avr8/avr8-gnu-toolchain/bin/../lib/gcc/avr/5.4.0/avr5\libgcc.a(_tablejump2.o)
 .text.libgcc.fmul
                0x00000000        0x0 c:/program files (x86)/atmel/studio/7.0/toolchain/avr8/avr8-gnu-toolchain/bin/../lib/gcc/avr/5.4.0/avr5\libgcc.a(_tablejump2.o)
 .text.libgcc.fixed
                0x00000000        0x0 c:/program files (x86)/atmel/studio/7.0/toolchain/avr8/avr8-gnu-toolchain/bin/../lib/gcc/avr/5.4.0/avr5\libgcc.a(_tablejump2.o)
 .text          0x00000000        0x0 c:/program files (x86)/atmel/studio/7.0/toolchain/avr8/avr8-gnu-toolchain/bin/../lib/gcc/avr/5.4.0/avr5\libgcc.a(_copy_data.o)
 .data          0x00000000        0x0 c:/program files (x86)/atmel/studio/7.0/toolchain/avr8/avr8-gnu-toolchain/bin/../lib/gcc/avr/5.4.0/avr5\libgcc.a(_copy_data.o)
 .bss           0x00000000        0x0 c:/program files (x86)/atmel/studio/7.0/toolchain/avr8/avr8-gnu-toolchain/bin/../lib/gcc/avr/5.4.0/avr5\libgcc.a(_copy_data.o)
 .text.libgcc.mul
                0x00000000        0x0 c:/program files (x86)/atmel/studio/7.0/toolchain/avr8/avr8-gnu-toolchain/bin/../lib/gcc/avr/5.4.0/avr5\libgcc.a(_copy_data.o)
 .text.libgcc.div
                0x00000000        0x0 c:/program files (x86)/atmel/studio/7.0/toolchain/avr8/avr8-gnu-toolchain/bin/../lib/gcc/avr/5.4.0/avr5\libgcc.a(_copy_data.o)
 .text.libgcc   0x00000000        0x0 c:/program files (x86)/atmel/studio/7.0/toolchain/avr8/avr8-gnu-toolchain/bin/../lib/gcc/avr/5.4.0/avr5\libgcc.a(_copy_data.o)
 .text.libgcc.prologue
                0x00000000        0x0 c:/program files (x86)/atmel/studio/7.0/toolchain/avr8/avr8-gnu-toolchain/bin/../lib/gcc/avr/5.4.0/avr5\libgcc.a(_copy_data.o)
 .text.libgcc.builtins
                0x00000000        0x0 c:/program files (x86)/atmel/studio/7.0/toolchain/avr8/avr8-gnu-toolchain/bin/../lib/gcc/avr/5.4.0/avr5\libgcc.a(_copy_data.o)
 .text.libgcc.fmul
                0x00000000        0x0 c:/program files (x86)/atmel/studio/7.0/toolchain/avr8/avr8-gnu-toolchain/bin/../lib/gcc/avr/5.4.0/avr5\libgcc.a(_copy_data.o)
 .text.libgcc.fixed
                0x00000000        0x0 c:/program files (x86)/atmel/studio/7.0/toolchain/avr8/avr8-gnu-toolchain/bin/../lib/gcc/avr/5.4.0/avr5\libgcc.a(_copy_data.o)
 .text          0x00000000        0x0 c:/program files (x86)/atmel/studio/7.0/toolchain/avr8/avr8-gnu-toolchain/bin/../lib/gcc/avr/5.4.0/avr5\libgcc.a(_clear_bss.o)
 .data          0x00000000        0x0 c:/program files (x86)/atmel/studio/7.0/toolchain/avr8/avr8-gnu-toolchain/bin/../lib/gcc/avr/5.4.0/avr5\libgcc.a(_clear_bss.o)
 .bss           0x00000000        0x0 c:/program files (x86)/atmel/studio/7.0/toolchain/avr8/avr8-gnu-toolchain/bin/../lib/gcc/avr/5.4.0/avr5\libgcc.a(_clear_bss.o)
 .text.libgcc.mul
                0x00000000        0x0 c:/program files (x86)/atmel/studio/7.0/toolchain/avr8/avr8-gnu-toolchain/bin/../lib/gcc/avr/5.4.0/avr5\libgcc.a(_clear_bss.o)
 .text.libgcc.div
                0x00000000        0x0 c:/program files (x86)/atmel/studio/7.0/toolchain/avr8/avr8-gnu-toolchain/bin/../lib/gcc/avr/5.4.0/avr5\libgcc.a(_clear_bss.o)
 .text.libgcc   0x00000000        0x0 c:/program files (x86)/atmel/studio/7.0/toolchain/avr8/avr8-gnu-toolchain/bin/../lib/gcc/avr/5.4.0/avr5\libgcc.a(_clear_bss.o)
 .text.libgcc.prologue
                0x00000000        0x0 c:/program files (x86)/atmel/studio/7.0/toolchain/avr8/avr8-gnu-toolchain/bin/../lib/gcc/avr/5.4.0/avr5\libgcc.a(_clear_bss.o)
 .text.libgcc.builtins
                0x00000000        0x0 c:/program files (x86)/atmel/studio/7.0/toolchain/avr8/avr8-gnu-toolchain/bin/../lib/gcc/avr/5.4.0/avr5\libgcc.a(_clear_bss.o)
 .text.libgcc.fmul
                0x00000000        0x0 c:/program files (x86)/atmel/studio/7.0/toolchain/avr8/avr8-gnu-toolchain/bin/../lib/gcc/avr/5.4.0/avr5\libgcc.a(_clear_bss.o)
 .text.libgcc.fixed
                0x00000000        0x0 c:/program files (x86)/atmel/studio/7.0/toolchain/avr8/avr8-gnu-toolchain/bin/../lib/gcc/avr/5.4.0/avr5\libgcc.a(_clear_bss.o)
 .text          0x00000000        0x0 c:/program files (x86)/atmel/studio/7.0/toolchain/avr8/avr8-gnu-toolchain/bin/../lib/gcc/avr/5.4.0/../../../../avr/lib/avr5\libc.a(sprintf.o)
 .data          0x00000000        0x0 c:/program files (x86)/atmel/studio/7.0/toolchain/avr8/avr8-gnu-toolchain/bin/../lib/gcc/avr/5.4.0/../../../../avr/lib/avr5\libc.a(sprintf.o)
 .bss           0x00000000        0x0 c:/program files (x86)/atmel/studio/7.0/toolchain/avr8/avr8-gnu-toolchain/bin/../lib/gcc/avr/5.4.0/../../../../avr/lib/avr5\libc.a(sprintf.o)
 .text          0x00000000        0x0 c:/program files (x86)/atmel/studio/7.0/toolchain/avr8/avr8-gnu-toolchain/bin/../lib/gcc/avr/5.4.0/../../../../avr/lib/avr5\libc.a(vfprintf_std.o)
 .data          0x00000000        0x0 c:/program files (x86)/atmel/studio/7.0/toolchain/avr8/avr8-gnu-toolchain/bin/../lib/gcc/avr/5.4.0/../../../../avr/lib/avr5\libc.a(vfprintf_std.o)
 .bss           0x00000000        0x0 c:/program files (x86)/atmel/studio/7.0/toolchain/avr8/avr8-gnu-toolchain/bin/../lib/gcc/avr/5.4.0/../../../../avr/lib/avr5\libc.a(vfprintf_std.o)
 .text          0x00000000        0x0 c:/program files (x86)/atmel/studio/7.0/toolchain/avr8/avr8-gnu-toolchain/bin/../lib/gcc/avr/5.4.0/../../../../avr/lib/avr5\libc.a(strnlen_P.o)
 .data          0x00000000        0x0 c:/program files (x86)/atmel/studio/7.0/toolchain/avr8/avr8-gnu-toolchain/bin/../lib/gcc/avr/5.4.0/../../../../avr/lib/avr5\libc.a(strnlen_P.o)
 .bss           0x00000000        0x0 c:/program files (x86)/atmel/studio/7.0/toolchain/avr8/avr8-gnu-toolchain/bin/../lib/gcc/avr/5.4.0/../../../../avr/lib/avr5\libc.a(strnlen_P.o)
 .text          0x00000000        0x0 c:/program files (x86)/atmel/studio/7.0/toolchain/avr8/avr8-gnu-toolchain/bin/../lib/gcc/avr/5.4.0/../../../../avr/lib/avr5\libc.a(strnlen.o)
 .data          0x00000000        0x0 c:/program files (x86)/atmel/studio/7.0/toolchain/avr8/avr8-gnu-toolchain/bin/../lib/gcc/avr/5.4.0/../../../../avr/lib/avr5\libc.a(strnlen.o)
 .bss           0x00000000        0x0 c:/program files (x86)/atmel/studio/7.0/toolchain/avr8/avr8-gnu-toolchain/bin/../lib/gcc/avr/5.4.0/../../../../avr/lib/avr5\libc.a(strnlen.o)
 .text          0x00000000        0x0 c:/program files (x86)/atmel/studio/7.0/toolchain/avr8/avr8-gnu-toolchain/bin/../lib/gcc/avr/5.4.0/../../../../avr/lib/avr5\libc.a(fputc.o)
 .data          0x00000000        0x0 c:/program files (x86)/atmel/studio/7.0/toolchain/avr8/avr8-gnu-toolchain/bin/../lib/gcc/avr/5.4.0/../../../../avr/lib/avr5\libc.a(fputc.o)
 .bss           0x00000000        0x0 c:/program files (x86)/atmel/studio/7.0/toolchain/avr8/avr8-gnu-toolchain/bin/../lib/gcc/avr/5.4.0/../../../../avr/lib/avr5\libc.a(fputc.o)
 .text          0x00000000        0x0 c:/program files (x86)/atmel/studio/7.0/toolchain/avr8/avr8-gnu-toolchain/bin/../lib/gcc/avr/5.4.0/../../../../avr/lib/avr5\libc.a(ultoa_invert.o)
 .data          0x00000000        0x0 c:/program files (x86)/atmel/studio/7.0/toolchain/avr8/avr8-gnu-toolchain/bin/../lib/gcc/avr/5.4.0/../../../../avr/lib/avr5\libc.a(ultoa_invert.o)
 .bss           0x00000000        0x0 c:/program files (x86)/atmel/studio/7.0/toolchain/avr8/avr8-gnu-toolchain/bin/../lib/gcc/avr/5.4.0/../../../../avr/lib/avr5\libc.a(ultoa_invert.o)
 .text          0x00000000        0x0 c:/program files (x86)/atmel/studio/7.0/toolchain/avr8/avr8-gnu-toolchain/bin/../lib/gcc/avr/5.4.0/avr5\libgcc.a(_prologue.o)
 .data          0x00000000        0x0 c:/program files (x86)/atmel/studio/7.0/toolchain/avr8/avr8-gnu-toolchain/bin/../lib/gcc/avr/5.4.0/avr5\libgcc.a(_prologue.o)
 .bss           0x00000000        0x0 c:/program files (x86)/atmel/studio/7.0/toolchain/avr8/avr8-gnu-toolchain/bin/../lib/gcc/avr/5.4.0/avr5\libgcc.a(_prologue.o)
 .text.libgcc.mul
                0x00000000        0x0 c:/program files (x86)/atmel/studio/7.0/toolchain/avr8/avr8-gnu-toolchain/bin/../lib/gcc/avr/5.4.0/avr5\libgcc.a(_prologue.o)
 .text.libgcc.div
                0x00000000        0x0 c:/program files (x86)/atmel/studio/7.0/toolchain/avr8/avr8-gnu-toolchain/bin/../lib/gcc/avr/5.4.0/avr5\libgcc.a(_prologue.o)
 .text.libgcc   0x00000000        0x0 c:/program files (x86)/atmel/studio/7.0/toolchain/avr8/avr8-gnu-toolchain/bin/../lib/gcc/avr/5.4.0/avr5\libgcc.a(_prologue.o)
 .text.libgcc.builtins
                0x00000000        0x0 c:/program files (x86)/atmel/studio/7.0/toolchain/avr8/avr8-gnu-toolchain/bin/../lib/gcc/avr/5.4.0/avr5\libgcc.a(_prologue.o)
 .text.libgcc.fmul
                0x00000000        0x0 c:/program files (x86)/atmel/studio/7.0/toolchain/avr8/avr8-gnu-toolchain/bin/../lib/gcc/avr/5.4.0/avr5\libgcc.a(_prologue.o)
 .text.libgcc.fixed
                0x00000000        0x0 c:/program files (x86)/atmel/studio/7.0/toolchain/avr8/avr8-gnu-toolchain/bin/../lib/gcc/avr/5.4.0/avr5\libgcc.a(_prologue.o)
 .text          0x00000000        0x0 c:/program files (x86)/atmel/studio/7.0/toolchain/avr8/avr8-gnu-toolchain/bin/../lib/gcc/avr/5.4.0/avr5\libgcc.a(_epilogue.o)
 .data          0x00000000        0x0 c:/program files (x86)/atmel/studio/7.0/toolchain/avr8/avr8-gnu-toolchain/bin/../lib/gcc/avr/5.4.0/avr5\libgcc.a(_epilogue.o)
 .bss           0x00000000        0x0 c:/program files (x86)/atmel/studio/7.0/toolchain/avr8/avr8-gnu-toolchain/bin/../lib/gcc/avr/5.4.0/avr5\libgcc.a(_epilogue.o)
 .text.libgcc.mul
                0x00000000        0x0 c:/program files (x86)/atmel/studio/7.0/toolchain/avr8/avr8-gnu-toolchain/bin/../lib/gcc/avr/5.4.0/avr5\libgcc.a(_epilogue.o)
 .text.libgcc.div
                0x00000000        0x0 c:/program files (x86)/atmel/studio/7.0/toolchain/avr8/avr8-gnu-toolchain/bin/../lib/gcc/avr/5.4.0/avr5\libgcc.a(_epilogue.o)
 .text.libgcc   0x00000000        0x0 c:/program files (x86)/atmel/studio/7.0/toolchain/avr8/avr8-gnu-toolchain/bin/../lib/gcc/avr/5.4.0/avr5\libgcc.a(_epilogue.o)
 .text.libgcc.builtins
                0x00000000        0x0 c:/program files (x86)/atmel/studio/7.0/toolchain/avr8/avr8-gnu-toolchain/bin/../lib/gcc/avr/5.4.0/avr5\libgcc.a(_epilogue.o)
 .text.libgcc.fmul
                0x00000000        0x0 c:/program files (x86)/atmel/studio/7.0/toolchain/avr8/avr8-gnu-toolchain/bin/../lib/gcc/avr/5.4.0/avr5\libgcc.a(_epilogue.o)
 .text.libgcc.fixed
                0x00000000        0x0 c:/program files (x86)/atmel/studio/7.0/toolchain/avr8/avr8-gnu-toolchain/bin/../lib/gcc/avr/5.4.0/avr5\libgcc.a(_epilogue.o)

Memory Configuration

Name             Origin             Length             Attributes
text             0x00000000         0x00008000         xr
data             0x00800060         0x00000800         rw !x
eeprom           0x00810000         0x00000400         rw !x
fuse             0x00820000         0x00000002         rw !x
lock             0x00830000         0x00000400         rw !x
signature        0x00840000         0x00000400         rw !x
user_signatures  0x00850000         0x00000400         rw !x
*default*        0x00000000         0xffffffff

Linker script and memory map

LOAD C:/Program Files (x86)/Atmel/Studio/7.0/Packs/Atmel/ATmega_DFP/1.7.374/gcc/dev/atmega32/avr5/crtatmega32.o
LOAD ADC_program.o
LOAD Air_condition.o
LOAD Bluetooth_Control.o
LOAD Control_Rooms.o
LOAD DC_Motor_program.o
LOAD DIO_program.o
LOAD EEPROM_program.o
LOAD EXTI_program.o
LOAD KPD_program.o
LOAD LCD_program.o
LOAD LED_programe.o
LOAD LM35_program.o
LOAD main.o
LOAD SERVO_program.o
LOAD smart_lock.o
LOAD SWT_program.o
LOAD UART_program.o
START GROUP
LOAD c:/program files (x86)/atmel/studio/7.0/toolchain/avr8/avr8-gnu-toolchain/bin/../lib/gcc/avr/5.4.0/../../../../avr/lib/avr5\libm.a
END GROUP
START GROUP
LOAD c:/program files (x86)/atmel/studio/7.0/toolchain/avr8/avr8-gnu-toolchain/bin/../lib/gcc/avr/5.4.0/avr5\libgcc.a
LOAD c:/program files (x86)/atmel/studio/7.0/toolchain/avr8/avr8-gnu-toolchain/bin/../lib/gcc/avr/5.4.0/../../../../avr/lib/avr5\libm.a
LOAD c:/program files (x86)/atmel/studio/7.0/toolchain/avr8/avr8-gnu-toolchain/bin/../lib/gcc/avr/5.4.0/../../../../avr/lib/avr5\libc.a
LOAD C:/Program Files (x86)/Atmel/Studio/7.0/Packs/Atmel/ATmega_DFP/1.7.374/gcc/dev/atmega32/avr5\libatmega32.a
END GROUP
                0x00000000                __TEXT_REGION_ORIGIN__ = DEFINED (__TEXT_REGION_ORIGIN__)?__TEXT_REGION_ORIGIN__:0x0
                [0x00800060]                __DATA_REGION_ORIGIN__ = DEFINED (__DATA_REGION_ORIGIN__)?__DATA_REGION_ORIGIN__:0x800060
                [0x00008000]                __TEXT_REGION_LENGTH__ = DEFINED (__TEXT_REGION_LENGTH__)?__TEXT_REGION_LENGTH__:0x20000
                [0x00000800]                __DATA_REGION_LENGTH__ = DEFINED (__DATA_REGION_LENGTH__)?__DATA_REGION_LENGTH__:0xffa0
                [0x00000400]                __EEPROM_REGION_LENGTH__ = DEFINED (__EEPROM_REGION_LENGTH__)?__EEPROM_REGION_LENGTH__:0x10000
                [0x00000002]                __FUSE_REGION_LENGTH__ = DEFINED (__FUSE_REGION_LENGTH__)?__FUSE_REGION_LENGTH__:0x400
                0x00000400                __LOCK_REGION_LENGTH__ = DEFINED (__LOCK_REGION_LENGTH__)?__LOCK_REGION_LENGTH__:0x400
                0x00000400                __SIGNATURE_REGION_LENGTH__ = DEFINED (__SIGNATURE_REGION_LENGTH__)?__SIGNATURE_REGION_LENGTH__:0x400
                0x00000400                __USER_SIGNATURE_REGION_LENGTH__ = DEFINED (__USER_SIGNATURE_REGION_LENGTH__)?__USER_SIGNATURE_REGION_LENGTH__:0x400

.hash
 *(.hash)

.dynsym
 *(.dynsym)

.dynstr
 *(.dynstr)

.gnu.version
 *(.gnu.version)

.gnu.version_d
 *(.gnu.version_d)

.gnu.version_r
 *(.gnu.version_r)

.rel.init
 *(.rel.init)

.rela.init
 *(.rela.init)

.rel.text
 *(.rel.text)
 *(.rel.text.*)
 *(.rel.gnu.linkonce.t*)

.rela.text
 *(.rela.text)
 *(.rela.text.*)
 *(.rela.gnu.linkonce.t*)

.rel.fini
 *(.rel.fini)

.rela.fini
 *(.rela.fini)

.rel.rodata
 *(.rel.rodata)
 *(.rel.rodata.*)
 *(.rel.gnu.linkonce.r*)

.rela.rodata
 *(.rela.rodata)
 *(.rela.rodata.*)
 *(.rela.gnu.linkonce.r*)

.rel.data
 *(.rel.data)
 *(.rel.data.*)
 *(.rel.gnu.linkonce.d*)

.rela.data
 *(.rela.data)
 *(.rela.data.*)
 *(.rela.gnu.linkonce.d*)

.rel.ctors
 *(.rel.ctors)

.rela.ctors
 *(.rela.ctors)

.rel.dtors
 *(.rel.dtors)

.rela.dtors
 *(.rela.dtors)

.rel.got
 *(.rel.got)

.rela.got
 *(.rela.got)

.rel.bss
 *(.rel.bss)

.rela.bss
 *(.rela.bss)

.rel.plt
 *(.rel.plt)

.rela.plt
 *(.rela.plt)

.text           0x00000000     0x2a30
 *(.vectors)
 .vectors       0x00000000       0x54 C:/Program Files (x86)/Atmel/Studio/7.0/Packs/Atmel/ATmega_DFP/1.7.374/gcc/dev/atmega32/avr5/crtatmega32.o
                0x00000000                __vector_default
                0x00000000                __vectors
 *(.vectors)
 *(.progmem.gcc*)
 .progmem.gcc_sw_table.ADC_vidInit
                0x00000054       0x10 ADC_program.o
 .progmem.gcc_sw_table.control_Remoted_Rooms
                0x00000064       0x72 Bluetooth_Control.o
 .progmem.gcc_sw_table.Print
                0x000000d6       0x10 smart_lock.o
                0x000000e6                . = ALIGN (0x2)
                0x000000e6                __trampolines_start = .
 *(.trampolines)
 .trampolines   0x000000e6        0x0 linker stubs
 *(.trampolines*)
                0x000000e6                __trampolines_end = .
 *libprintf_flt.a:*(.progmem.data)
 *libc.a:*(.progmem.data)
 *(.progmem*)
                0x000000e6                . = ALIGN (0x2)
 *(.jumptables)
 *(.jumptables*)
 *(.lowtext)
 *(.lowtext*)
                0x000000e6                __ctors_start = .
 *(.ctors)
                0x000000e6                __ctors_end = .
                0x000000e6                __dtors_start = .
 *(.dtors)
                0x000000e6                __dtors_end = .
 SORT(*)(.ctors)
 SORT(*)(.dtors)
 *(.init0)
 .init0         0x000000e6        0x0 C:/Program Files (x86)/Atmel/Studio/7.0/Packs/Atmel/ATmega_DFP/1.7.374/gcc/dev/atmega32/avr5/crtatmega32.o
                0x000000e6                __init
 *(.init0)
 *(.init1)
 *(.init1)
 *(.init2)
 .init2         0x000000e6        0xc C:/Program Files (x86)/Atmel/Studio/7.0/Packs/Atmel/ATmega_DFP/1.7.374/gcc/dev/atmega32/avr5/crtatmega32.o
 *(.init2)
 *(.init3)
 *(.init3)
 *(.init4)
 .init4         0x000000f2       0x16 c:/program files (x86)/atmel/studio/7.0/toolchain/avr8/avr8-gnu-toolchain/bin/../lib/gcc/avr/5.4.0/avr5\libgcc.a(_copy_data.o)
                0x000000f2                __do_copy_data
 .init4         0x00000108       0x10 c:/program files (x86)/atmel/studio/7.0/toolchain/avr8/avr8-gnu-toolchain/bin/../lib/gcc/avr/5.4.0/avr5\libgcc.a(_clear_bss.o)
                0x00000108                __do_clear_bss
 *(.init4)
 *(.init5)
 *(.init5)
 *(.init6)
 *(.init6)
 *(.init7)
 *(.init7)
 *(.init8)
 *(.init8)
 *(.init9)
 .init9         0x00000118        0x8 C:/Program Files (x86)/Atmel/Studio/7.0/Packs/Atmel/ATmega_DFP/1.7.374/gcc/dev/atmega32/avr5/crtatmega32.o
 *(.init9)
 *(.text)
 .text          0x00000120        0x4 C:/Program Files (x86)/Atmel/Studio/7.0/Packs/Atmel/ATmega_DFP/1.7.374/gcc/dev/atmega32/avr5/crtatmega32.o
                0x00000120                __vector_12
                0x00000120                __bad_interrupt
                0x00000120                __vector_6
                0x00000120                __vector_11
                0x00000120                __vector_13
                0x00000120                __vector_17
                0x00000120                __vector_19
                0x00000120                __vector_7
                0x00000120                __vector_5
                0x00000120                __vector_4
                0x00000120                __vector_9
                0x00000120                __vector_15
                0x00000120                __vector_8
                0x00000120                __vector_14
                0x00000120                __vector_10
                0x00000120                __vector_16
                0x00000120                __vector_18
                0x00000120                __vector_20
                0x00000124                . = ALIGN (0x2)
 *(.text.*)
 .text.ADC_vidInit
                0x00000124       0xbe ADC_program.o
                0x00000124                ADC_vidInit
 .text.ADC_u16Read
                0x000001e2       0x12 ADC_program.o
                0x000001e2                ADC_u16Read
 .text.back     0x000001f4       0x32 Air_condition.o
                0x000001f4                back
 .text.Air_condition
                0x00000226       0xec Air_condition.o
                0x00000226                Air_condition
 .text.u8RecieveByte
                0x00000312       0x2a Bluetooth_Control.o
                0x00000312                u8RecieveByte
 .text.Isadmin_Remoted
                0x0000033c        0xe Bluetooth_Control.o
                0x0000033c                Isadmin_Remoted
 .text.control_Remoted_Rooms
                0x0000034a      0x1a8 Bluetooth_Control.o
                0x0000034a                control_Remoted_Rooms
 .text.control_home_remoted
                0x000004f2       0x8c Bluetooth_Control.o
                0x000004f2                control_home_remoted
 .text.Admin_Remoted_Menue
                0x0000057e       0x82 Bluetooth_Control.o
                0x0000057e                Admin_Remoted_Menue
 .text.check_admin_pass_remoted
                0x00000600      0x15e Bluetooth_Control.o
                0x00000600                check_admin_pass_remoted
 .text.Admin_Remoted_Login
                0x0000075e       0x5e Bluetooth_Control.o
                0x0000075e                Admin_Remoted_Login
 .text.LogOut_Remotly
                0x000007bc       0x3c Bluetooth_Control.o
                0x000007bc                LogOut_Remotly
 .text.User_Remoted_Menue
                0x000007f8       0x3c Bluetooth_Control.o
                0x000007f8                User_Remoted_Menue
 .text.User_Remoted_Login
                0x00000834      0x1ec Bluetooth_Control.o
                0x00000834                User_Remoted_Login
 .text.Air_Condition_Remoted
                0x00000a20       0x8c Bluetooth_Control.o
                0x00000a20                Air_Condition_Remoted
 .text.Bluetooth_Control
                0x00000aac       0xf0 Bluetooth_Control.o
                0x00000aac                Bluetooth_Control
 .text.Add_Remoted_User
                0x00000b9c       0x8e Bluetooth_Control.o
                0x00000b9c                Add_Remoted_User
 .text.Remove_Remoted_User
                0x00000c2a       0x4e Bluetooth_Control.o
                0x00000c2a                Remove_Remoted_User
 .text.open_door
                0x00000c78       0x58 Bluetooth_Control.o
                0x00000c78                open_door
 .text.u8GetKeyPressed
                0x00000cd0       0x28 Control_Rooms.o
                0x00000cd0                u8GetKeyPressed
 .text.control_rooms
                0x00000cf8      0x1c0 Control_Rooms.o
                0x00000cf8                control_rooms
 .text.DC_Motor_vidInit
                0x00000eb8       0x16 DC_Motor_program.o
                0x00000eb8                DC_Motor_vidInit
 .text.DC_Motor_vidTurnOn
                0x00000ece       0x16 DC_Motor_program.o
                0x00000ece                DC_Motor_vidTurnOn
 .text.DC_Motor_vidTurnOff
                0x00000ee4       0x16 DC_Motor_program.o
                0x00000ee4                DC_Motor_vidTurnOff
 .text.DIO_vidSetPinMode
                0x00000efa       0xda DIO_program.o
                0x00000efa                DIO_vidSetPinMode
 .text.DIO_vidWritePin
                0x00000fd4       0xda DIO_program.o
                0x00000fd4                DIO_vidWritePin
 .text.DIO_enuReadPin
                0x000010ae       0xaa DIO_program.o
                0x000010ae                DIO_enuReadPin
 .text.DIO_vidSetLowNibbleMode
                0x00001158       0x24 DIO_program.o
                0x00001158                DIO_vidSetLowNibbleMode
 .text.DIO_vidWriteLowNibble
                0x0000117c       0x4a DIO_program.o
                0x0000117c                DIO_vidWriteLowNibble
 .text.DIO_vidSetHighNibbleMode
                0x000011c6       0x24 DIO_program.o
                0x000011c6                DIO_vidSetHighNibbleMode
 .text.DIO_vidWriteHighNibble
                0x000011ea       0x4a DIO_program.o
                0x000011ea                DIO_vidWriteHighNibble
 .text.EEPROM_vidWrite
                0x00001234       0x12 EEPROM_program.o
                0x00001234                EEPROM_vidWrite
 .text.EEPROM_u8Read
                0x00001246        0xa EEPROM_program.o
                0x00001246                EEPROM_u8Read
 .text.EXTI_vidInit
                0x00001250       0xce EXTI_program.o
                0x00001250                EXTI_vidInit
 .text.EXTI_vidSetCB
                0x0000131e       0x26 EXTI_program.o
                0x0000131e                EXTI_vidSetCB
 .text.__vector_1
                0x00001344       0x4e EXTI_program.o
                0x00001344                __vector_1
 .text.__vector_2
                0x00001392       0x4e EXTI_program.o
                0x00001392                __vector_2
 .text.__vector_3
                0x000013e0       0x4e EXTI_program.o
                0x000013e0                __vector_3
 .text.KPD_vidInit
                0x0000142e       0x38 KPD_program.o
                0x0000142e                KPD_vidInit
 .text.KPD_u8GetPressedKey
                0x00001466       0xec KPD_program.o
                0x00001466                KPD_u8GetPressedKey
 .text.LCD_vidSendEnablePulse
                0x00001552       0x22 LCD_program.o
 .text.LCD_vidSendCmd
                0x00001574       0x38 LCD_program.o
 .text.LCD_vidInit
                0x000015ac       0x88 LCD_program.o
                0x000015ac                LCD_vidInit
 .text.LCD_vidDisplayCharacter
                0x00001634       0x38 LCD_program.o
                0x00001634                LCD_vidDisplayCharacter
 .text.LCD_vidDisplayString
                0x0000166c       0x1e LCD_program.o
                0x0000166c                LCD_vidDisplayString
 .text.LCD_vidDisplayNumber
                0x0000168a       0x5c LCD_program.o
                0x0000168a                LCD_vidDisplayNumber
 .text.LCD_vidClearScreen
                0x000016e6       0x14 LCD_program.o
                0x000016e6                LCD_vidClearScreen
 .text.LCD_vidMoveCursor
                0x000016fa       0x28 LCD_program.o
                0x000016fa                LCD_vidMoveCursor
 .text.LED_vidInit
                0x00001722        0x8 LED_programe.o
                0x00001722                LED_vidInit
 .text.LED_vidTurnOn
                0x0000172a        0x8 LED_programe.o
                0x0000172a                LED_vidTurnOn
 .text.LED_vidTurnOff
                0x00001732        0x8 LED_programe.o
                0x00001732                LED_vidTurnOff
 .text.LM35_vidInit
                0x0000173a        0x6 LM35_program.o
                0x0000173a                LM35_vidInit
 .text.LM35_u8Read
                0x00001740       0x22 LM35_program.o
                0x00001740                LM35_u8Read
 .text.fun      0x00001762       0x10 main.o
                0x00001762                fun
 .text.devices  0x00001772       0x86 main.o
                0x00001772                devices
 .text.start_control
                0x000017f8       0x84 main.o
                0x000017f8                start_control
 .text.main     0x0000187c       0x74 main.o
                0x0000187c                main
 .text.Servo_Init
                0x000018f0       0x18 SERVO_program.o
                0x000018f0                Servo_Init
 .text.Servo_Clockwise
                0x00001908       0x32 SERVO_program.o
                0x00001908                Servo_Clockwise
 .text.Servo_Counterclockwise
                0x0000193a       0x32 SERVO_program.o
                0x0000193a                Servo_Counterclockwise
 .text.Scan_pass
                0x0000196c       0x6e smart_lock.o
                0x0000196c                Scan_pass
 .text.Scan_user
                0x000019da       0x62 smart_lock.o
                0x000019da                Scan_user
 .text.write_EEPROM
                0x00001a3c       0x96 smart_lock.o
                0x00001a3c                write_EEPROM
 .text.read_EEPROM
                0x00001ad2       0x96 smart_lock.o
                0x00001ad2                read_EEPROM
 .text.LogOut   0x00001b68       0x40 smart_lock.o
                0x00001b68                LogOut
 .text.User_menue
                0x00001ba8       0xae smart_lock.o
                0x00001ba8                User_menue
 .text.Print    0x00001c56      0x146 smart_lock.o
                0x00001c56                Print
 .text.check_user_pass
                0x00001d9c      0x22c smart_lock.o
                0x00001d9c                check_user_pass
 .text.start    0x00001fc8       0x60 smart_lock.o
                0x00001fc8                start
 .text.SWT_vidInti
                0x00002028        0x8 SWT_program.o
                0x00002028                SWT_vidInti
 .text.USART_vidInit
                0x00002030       0x74 UART_program.o
                0x00002030                USART_vidInit
 .text.USART_vidSendByte
                0x000020a4        0x8 UART_program.o
                0x000020a4                USART_vidSendByte
 .text.USART_u8RecieveByte
                0x000020ac        0x8 UART_program.o
                0x000020ac                USART_u8RecieveByte
 .text.USART_vidEnableTXInterrupt
                0x000020b4        0x4 UART_program.o
                0x000020b4                USART_vidEnableTXInterrupt
 .text.USART_vidEnableRXInterrupt
                0x000020b8        0x4 UART_program.o
                0x000020b8                USART_vidEnableRXInterrupt
 .text.USART_vidSendString
                0x000020bc       0x1e UART_program.o
                0x000020bc                USART_vidSendString
 .text.avr-libc.fplib
                0x000020da        0xe c:/program files (x86)/atmel/studio/7.0/toolchain/avr8/avr8-gnu-toolchain/bin/../lib/gcc/avr/5.4.0/../../../../avr/lib/avr5\libm.a(addsf3.o)
                0x000020da                __subsf3
                0x000020dc                __addsf3
 .text.avr-libc.fplib
                0x000020e8       0xcc c:/program files (x86)/atmel/studio/7.0/toolchain/avr8/avr8-gnu-toolchain/bin/../lib/gcc/avr/5.4.0/../../../../avr/lib/avr5\libm.a(addsf3x.o)
                0x0000210a                __addsf3x
 .text.avr-libc.fplib
                0x000021b4       0x5e c:/program files (x86)/atmel/studio/7.0/toolchain/avr8/avr8-gnu-toolchain/bin/../lib/gcc/avr/5.4.0/../../../../avr/lib/avr5\libm.a(fixunssfsi.o)
                0x000021b4                __fixunssfsi
 .text.avr-libc.fplib
                0x00002212       0x7a c:/program files (x86)/atmel/studio/7.0/toolchain/avr8/avr8-gnu-toolchain/bin/../lib/gcc/avr/5.4.0/../../../../avr/lib/avr5\libm.a(floatsisf.o)
                0x00002212                __floatunsisf
                0x00002216                __floatsisf
 .text.avr-libc.fplib
                0x0000228c        0xc c:/program files (x86)/atmel/studio/7.0/toolchain/avr8/avr8-gnu-toolchain/bin/../lib/gcc/avr/5.4.0/../../../../avr/lib/avr5\libm.a(fp_inf.o)
                0x0000228c                __fp_inf
 .text.avr-libc.fplib
                0x00002298        0x6 c:/program files (x86)/atmel/studio/7.0/toolchain/avr8/avr8-gnu-toolchain/bin/../lib/gcc/avr/5.4.0/../../../../avr/lib/avr5\libm.a(fp_nan.o)
                0x00002298                __fp_nan
 .text.avr-libc.fplib
                0x0000229e        0xe c:/program files (x86)/atmel/studio/7.0/toolchain/avr8/avr8-gnu-toolchain/bin/../lib/gcc/avr/5.4.0/../../../../avr/lib/avr5\libm.a(fp_pscA.o)
                0x0000229e                __fp_pscA
 .text.avr-libc.fplib
                0x000022ac        0xe c:/program files (x86)/atmel/studio/7.0/toolchain/avr8/avr8-gnu-toolchain/bin/../lib/gcc/avr/5.4.0/../../../../avr/lib/avr5\libm.a(fp_pscB.o)
                0x000022ac                __fp_pscB
 .text.avr-libc.fplib
                0x000022ba       0x22 c:/program files (x86)/atmel/studio/7.0/toolchain/avr8/avr8-gnu-toolchain/bin/../lib/gcc/avr/5.4.0/../../../../avr/lib/avr5\libm.a(fp_round.o)
                0x000022ba                __fp_round
 .text.avr-libc.fplib
                0x000022dc       0x44 c:/program files (x86)/atmel/studio/7.0/toolchain/avr8/avr8-gnu-toolchain/bin/../lib/gcc/avr/5.4.0/../../../../avr/lib/avr5\libm.a(fp_split3.o)
                0x000022dc                __fp_split3
                0x000022ec                __fp_splitA
 .text.avr-libc.fplib
                0x00002320        0xe c:/program files (x86)/atmel/studio/7.0/toolchain/avr8/avr8-gnu-toolchain/bin/../lib/gcc/avr/5.4.0/../../../../avr/lib/avr5\libm.a(fp_zero.o)
                0x00002320                __fp_zero
                0x00002322                __fp_szero
 .text.avr-libc.fplib
                0x0000232e        0x8 c:/program files (x86)/atmel/studio/7.0/toolchain/avr8/avr8-gnu-toolchain/bin/../lib/gcc/avr/5.4.0/../../../../avr/lib/avr5\libm.a(mulsf3.o)
                0x0000232e                __mulsf3
 .text.avr-libc.fplib
                0x00002336       0xd2 c:/program files (x86)/atmel/studio/7.0/toolchain/avr8/avr8-gnu-toolchain/bin/../lib/gcc/avr/5.4.0/../../../../avr/lib/avr5\libm.a(mulsf3x.o)
                0x00002354                __mulsf3x
                0x0000235a                __mulsf3_pse
 .text.libgcc.div
                0x00002408       0x44 c:/program files (x86)/atmel/studio/7.0/toolchain/avr8/avr8-gnu-toolchain/bin/../lib/gcc/avr/5.4.0/avr5\libgcc.a(_udivmodsi4.o)
                0x00002408                __udivmodsi4
 .text.libgcc   0x0000244c        0xc c:/program files (x86)/atmel/studio/7.0/toolchain/avr8/avr8-gnu-toolchain/bin/../lib/gcc/avr/5.4.0/avr5\libgcc.a(_tablejump2.o)
                0x0000244c                __tablejump2__
 .text.avr-libc
                0x00002458       0x44 c:/program files (x86)/atmel/studio/7.0/toolchain/avr8/avr8-gnu-toolchain/bin/../lib/gcc/avr/5.4.0/../../../../avr/lib/avr5\libc.a(sprintf.o)
                0x00002458                sprintf
 .text.avr-libc
                0x0000249c      0x3c2 c:/program files (x86)/atmel/studio/7.0/toolchain/avr8/avr8-gnu-toolchain/bin/../lib/gcc/avr/5.4.0/../../../../avr/lib/avr5\libc.a(vfprintf_std.o)
                0x0000249c                vfprintf
 .text.avr-libc
                0x0000285e       0x16 c:/program files (x86)/atmel/studio/7.0/toolchain/avr8/avr8-gnu-toolchain/bin/../lib/gcc/avr/5.4.0/../../../../avr/lib/avr5\libc.a(strnlen_P.o)
                0x0000285e                strnlen_P
 .text.avr-libc
                0x00002874       0x16 c:/program files (x86)/atmel/studio/7.0/toolchain/avr8/avr8-gnu-toolchain/bin/../lib/gcc/avr/5.4.0/../../../../avr/lib/avr5\libc.a(strnlen.o)
                0x00002874                strnlen
 .text.avr-libc
                0x0000288a       0x78 c:/program files (x86)/atmel/studio/7.0/toolchain/avr8/avr8-gnu-toolchain/bin/../lib/gcc/avr/5.4.0/../../../../avr/lib/avr5\libc.a(fputc.o)
                0x0000288a                fputc
 .text.avr-libc
                0x00002902       0xbc c:/program files (x86)/atmel/studio/7.0/toolchain/avr8/avr8-gnu-toolchain/bin/../lib/gcc/avr/5.4.0/../../../../avr/lib/avr5\libc.a(ultoa_invert.o)
                0x00002902                __ultoa_invert
 .text.libgcc.prologue
                0x000029be       0x38 c:/program files (x86)/atmel/studio/7.0/toolchain/avr8/avr8-gnu-toolchain/bin/../lib/gcc/avr/5.4.0/avr5\libgcc.a(_prologue.o)
                0x000029be                __prologue_saves__
 .text.libgcc.prologue
                0x000029f6       0x36 c:/program files (x86)/atmel/studio/7.0/toolchain/avr8/avr8-gnu-toolchain/bin/../lib/gcc/avr/5.4.0/avr5\libgcc.a(_epilogue.o)
                0x000029f6                __epilogue_restores__
                0x00002a2c                . = ALIGN (0x2)
 *(.fini9)
 .fini9         0x00002a2c        0x0 c:/program files (x86)/atmel/studio/7.0/toolchain/avr8/avr8-gnu-toolchain/bin/../lib/gcc/avr/5.4.0/avr5\libgcc.a(_exit.o)
                0x00002a2c                _exit
                0x00002a2c                exit
 *(.fini9)
 *(.fini8)
 *(.fini8)
 *(.fini7)
 *(.fini7)
 *(.fini6)
 *(.fini6)
 *(.fini5)
 *(.fini5)
 *(.fini4)
 *(.fini4)
 *(.fini3)
 *(.fini3)
 *(.fini2)
 *(.fini2)
 *(.fini1)
 *(.fini1)
 *(.fini0)
 .fini0         0x00002a2c        0x4 c:/program files (x86)/atmel/studio/7.0/toolchain/avr8/avr8-gnu-toolchain/bin/../lib/gcc/avr/5.4.0/avr5\libgcc.a(_exit.o)
 *(.fini0)
                0x00002a30                _etext = .

.data           0x00800060      0x6be load address 0x00002a30
                0x00800060                PROVIDE (__data_start, .)
 *(.data)
 *(.data*)
 *(.gnu.linkonce.d*)
 *(.rodata)
 .rodata        0x00800060       0x10 KPD_program.o
 *(.rodata*)
 .rodata.str1.1
                0x00800070       0x3e Air_condition.o
                                 0x42 (size before relaxing)
 .rodata.str1.1
                0x008000ae      0x456 Bluetooth_Control.o
                                0x472 (size before relaxing)
 .rodata.str1.1
                0x00800504       0x80 Control_Rooms.o
                                 0x89 (size before relaxing)
 .rodata.str1.1
                0x00800584        0xd LCD_program.o
                                 0x10 (size before relaxing)
 .rodata.str1.1
                0x00800591       0x37 main.o
                                 0x8a (size before relaxing)
 .rodata.str1.1
                0x008005c8      0x156 smart_lock.o
                                0x184 (size before relaxing)
 *(.gnu.linkonce.r*)
                0x0080071e                . = ALIGN (0x2)
                0x0080071e                _edata = .
                0x0080071e                PROVIDE (__data_end, .)

.bss            0x0080071e       0x25
                0x0080071e                PROVIDE (__bss_start, .)
 *(.bss)
 *(.bss*)
 .bss.wrong_pass_count
                0x0080071e        0x1 smart_lock.o
                0x0080071e                wrong_pass_count
 *(COMMON)
 COMMON         0x0080071f        0x1 Air_condition.o
                0x0080071f                u8ReturnedValue
 COMMON         0x00800720       0x18 Bluetooth_Control.o
                0x00800720                LogInFlag
                0x00800721                check_user
                0x00800722                pass
                0x00800726                EEPROM_user
                0x0080072a                user
                0x0080072e                u32ReturnedValue
                0x00800732                check
                0x00800733                EEPROM_pass
                0x00800737                pass_check
 COMMON         0x00800738        0x6 EXTI_program.o
                0x00800738                LOC_PtrFunCBINT2
                0x0080073a                LOC_PtrFunCBINT0
                0x0080073c                LOC_PtrFunCBINT1
 COMMON         0x0080073e        0x5 smart_lock.o
                0x0080073e                response
                0x0080073f                logInFlag
                0x00800740                UserId
                0x00800741                recive
                0x00800742                choice
                0x00800743                PROVIDE (__bss_end, .)
                0x00002a30                __data_load_start = LOADADDR (.data)
                0x000030ee                __data_load_end = (__data_load_start + SIZEOF (.data))

.noinit         0x00800743        0x0
                [!provide]                PROVIDE (__noinit_start, .)
 *(.noinit*)
                [!provide]                PROVIDE (__noinit_end, .)
                0x00800743                _end = .
                [!provide]                PROVIDE (__heap_start, .)

.eeprom         0x00810000        0x0
 *(.eeprom*)
                0x00810000                __eeprom_end = .

.fuse
 *(.fuse)
 *(.lfuse)
 *(.hfuse)
 *(.efuse)

.lock
 *(.lock*)

.signature
 *(.signature*)

.user_signatures
 *(.user_signatures*)

.stab
 *(.stab)

.stabstr
 *(.stabstr)

.stab.excl
 *(.stab.excl)

.stab.exclstr
 *(.stab.exclstr)

.stab.index
 *(.stab.index)

.stab.indexstr
 *(.stab.indexstr)

.comment        0x00000000       0x5c
 *(.comment)
 .comment       0x00000000       0x30 ADC_program.o
                                 0x31 (size before relaxing)
 .comment       0x00000030       0x31 Air_condition.o
 .comment       0x00000030       0x31 Bluetooth_Control.o
 .comment       0x00000030       0x31 Control_Rooms.o
 .comment       0x00000030       0x31 DC_Motor_program.o
 .comment       0x00000030       0x31 DIO_program.o
 .comment       0x00000030       0x31 EEPROM_program.o
 .comment       0x00000030       0x31 EXTI_program.o
 .comment       0x00000030       0x31 KPD_program.o
 .comment       0x00000030       0x31 LCD_program.o
 .comment       0x00000030       0x31 LED_programe.o
 .comment       0x00000030       0x31 LM35_program.o
 .comment       0x00000030       0x31 main.o
 .comment       0x00000030       0x31 SERVO_program.o
 .comment       0x00000030       0x31 smart_lock.o
 .comment       0x00000030       0x31 SWT_program.o
 .comment       0x00000030       0x31 UART_program.o
 .comment       0x00000030       0x31 c:/program files (x86)/atmel/studio/7.0/toolchain/avr8/avr8-gnu-toolchain/bin/../lib/gcc/avr/5.4.0/../../../../avr/lib/avr5\libc.a(sprintf.o)
 .comment       0x00000030       0x2c c:/program files (x86)/atmel/studio/7.0/toolchain/avr8/avr8-gnu-toolchain/bin/../lib/gcc/avr/5.4.0/../../../../avr/lib/avr5\libc.a(vfprintf_std.o)
                                 0x2d (size before relaxing)
 .comment       0x0000005c       0x31 c:/program files (x86)/atmel/studio/7.0/toolchain/avr8/avr8-gnu-toolchain/bin/../lib/gcc/avr/5.4.0/../../../../avr/lib/avr5\libc.a(fputc.o)

.note.gnu.avr.deviceinfo
                0x00000000       0x3c
 .note.gnu.avr.deviceinfo
                0x00000000       0x3c C:/Program Files (x86)/Atmel/Studio/7.0/Packs/Atmel/ATmega_DFP/1.7.374/gcc/dev/atmega32/avr5/crtatmega32.o

.note.gnu.build-id
 *(.note.gnu.build-id)

.debug
 *(.debug)

.line
 *(.line)

.debug_srcinfo
 *(.debug_srcinfo)

.debug_sfnames
 *(.debug_sfnames)

.debug_aranges  0x00000000      0x460
 *(.debug_aranges)
 .debug_aranges
                0x00000000       0x28 ADC_program.o
 .debug_aranges
                0x00000028       0x28 Air_condition.o
 .debug_aranges
                0x00000050       0x90 Bluetooth_Control.o
 .debug_aranges
                0x000000e0       0x28 Control_Rooms.o
 .debug_aranges
                0x00000108       0x30 DC_Motor_program.o
 .debug_aranges
                0x00000138       0x68 DIO_program.o
 .debug_aranges
                0x000001a0       0x28 EEPROM_program.o
 .debug_aranges
                0x000001c8       0x40 EXTI_program.o
 .debug_aranges
                0x00000208       0x28 KPD_program.o
 .debug_aranges
                0x00000230       0x60 LCD_program.o
 .debug_aranges
                0x00000290       0x38 LED_programe.o
 .debug_aranges
                0x000002c8       0x28 LM35_program.o
 .debug_aranges
                0x000002f0       0x38 main.o
 .debug_aranges
                0x00000328       0x30 SERVO_program.o
 .debug_aranges
                0x00000358       0x68 smart_lock.o
 .debug_aranges
                0x000003c0       0x28 SWT_program.o
 .debug_aranges
                0x000003e8       0x78 UART_program.o

.debug_pubnames
 *(.debug_pubnames)

.debug_info     0x00000000     0x6285
 *(.debug_info .gnu.linkonce.wi.*)
 .debug_info    0x00000000      0x4e6 C:/Program Files (x86)/Atmel/Studio/7.0/Packs/Atmel/ATmega_DFP/1.7.374/gcc/dev/atmega32/avr5/crtatmega32.o
 .debug_info    0x000004e6      0x291 ADC_program.o
 .debug_info    0x00000777      0x55b Air_condition.o
 .debug_info    0x00000cd2     0x188f Bluetooth_Control.o
 .debug_info    0x00002561      0x4c7 Control_Rooms.o
 .debug_info    0x00002a28      0x20e DC_Motor_program.o
 .debug_info    0x00002c36      0x3f3 DIO_program.o
 .debug_info    0x00003029       0xe6 EEPROM_program.o
 .debug_info    0x0000310f      0x27e EXTI_program.o
 .debug_info    0x0000338d      0x366 KPD_program.o
 .debug_info    0x000036f3      0x7e5 LCD_program.o
 .debug_info    0x00003ed8      0x294 LED_programe.o
 .debug_info    0x0000416c      0x16f LM35_program.o
 .debug_info    0x000042db      0x7ad main.o
 .debug_info    0x00004a88      0x104 SERVO_program.o
 .debug_info    0x00004b8c     0x121d smart_lock.o
 .debug_info    0x00005da9      0x1f7 SWT_program.o
 .debug_info    0x00005fa0      0x2e5 UART_program.o

.debug_abbrev   0x00000000     0x187e
 *(.debug_abbrev)
 .debug_abbrev  0x00000000      0x4a3 C:/Program Files (x86)/Atmel/Studio/7.0/Packs/Atmel/ATmega_DFP/1.7.374/gcc/dev/atmega32/avr5/crtatmega32.o
 .debug_abbrev  0x000004a3       0xdd ADC_program.o
 .debug_abbrev  0x00000580      0x181 Air_condition.o
 .debug_abbrev  0x00000701      0x22d Bluetooth_Control.o
 .debug_abbrev  0x0000092e      0x171 Control_Rooms.o
 .debug_abbrev  0x00000a9f       0x90 DC_Motor_program.o
 .debug_abbrev  0x00000b2f      0x140 DIO_program.o
 .debug_abbrev  0x00000c6f       0x80 EEPROM_program.o
 .debug_abbrev  0x00000cef      0x11f EXTI_program.o
 .debug_abbrev  0x00000e0e      0x107 KPD_program.o
 .debug_abbrev  0x00000f15      0x1f7 LCD_program.o
 .debug_abbrev  0x0000110c       0xa1 LED_programe.o
 .debug_abbrev  0x000011ad       0xdb LM35_program.o
 .debug_abbrev  0x00001288      0x16b main.o
 .debug_abbrev  0x000013f3       0x9f SERVO_program.o
 .debug_abbrev  0x00001492      0x208 smart_lock.o
 .debug_abbrev  0x0000169a       0xcc SWT_program.o
 .debug_abbrev  0x00001766      0x118 UART_program.o

.debug_line     0x00000000     0x2f5f
 *(.debug_line .debug_line.* .debug_line_end)
 .debug_line    0x00000000      0x116 C:/Program Files (x86)/Atmel/Studio/7.0/Packs/Atmel/ATmega_DFP/1.7.374/gcc/dev/atmega32/avr5/crtatmega32.o
 .debug_line    0x00000116      0x170 ADC_program.o
 .debug_line    0x00000286      0x2ad Air_condition.o
 .debug_line    0x00000533      0xbf4 Bluetooth_Control.o
 .debug_line    0x00001127      0x334 Control_Rooms.o
 .debug_line    0x0000145b       0x9c DC_Motor_program.o
 .debug_line    0x000014f7      0x353 DIO_program.o
 .debug_line    0x0000184a       0xaa EEPROM_program.o
 .debug_line    0x000018f4      0x221 EXTI_program.o
 .debug_line    0x00001b15      0x130 KPD_program.o
 .debug_line    0x00001c45      0x34c LCD_program.o
 .debug_line    0x00001f91       0x9c LED_programe.o
 .debug_line    0x0000202d       0x87 LM35_program.o
 .debug_line    0x000020b4      0x36c main.o
 .debug_line    0x00002420      0x105 SERVO_program.o
 .debug_line    0x00002525      0x7c8 smart_lock.o
 .debug_line    0x00002ced       0x75 SWT_program.o
 .debug_line    0x00002d62      0x1fd UART_program.o

.debug_frame    0x00000000      0xa2c
 *(.debug_frame)
 .debug_frame   0x00000000       0x34 ADC_program.o
 .debug_frame   0x00000034       0x34 Air_condition.o
 .debug_frame   0x00000068      0x188 Bluetooth_Control.o
 .debug_frame   0x000001f0       0x6c Control_Rooms.o
 .debug_frame   0x0000025c       0x44 DC_Motor_program.o
 .debug_frame   0x000002a0       0xd4 DIO_program.o
 .debug_frame   0x00000374       0x34 EEPROM_program.o
 .debug_frame   0x000003a8      0x144 EXTI_program.o
 .debug_frame   0x000004ec       0x5c KPD_program.o
 .debug_frame   0x00000548      0x120 LCD_program.o
 .debug_frame   0x00000668       0x54 LED_programe.o
 .debug_frame   0x000006bc       0x34 LM35_program.o
 .debug_frame   0x000006f0       0x54 main.o
 .debug_frame   0x00000744       0x44 SERVO_program.o
 .debug_frame   0x00000788      0x150 smart_lock.o
 .debug_frame   0x000008d8       0x34 SWT_program.o
 .debug_frame   0x0000090c      0x120 UART_program.o

.debug_str      0x00000000      0xe90
 *(.debug_str)
 .debug_str     0x00000000      0x196 C:/Program Files (x86)/Atmel/Studio/7.0/Packs/Atmel/ATmega_DFP/1.7.374/gcc/dev/atmega32/avr5/crtatmega32.o
 .debug_str     0x00000196      0x22b ADC_program.o
                                0x252 (size before relaxing)
 .debug_str     0x000003c1      0x180 Air_condition.o
                                0x366 (size before relaxing)
 .debug_str     0x00000541      0x267 Bluetooth_Control.o
                                0x538 (size before relaxing)
 .debug_str     0x000007a8       0x67 Control_Rooms.o
                                0x2fa (size before relaxing)
 .debug_str     0x0000080f       0x18 DC_Motor_program.o
                                0x21d (size before relaxing)
 .debug_str     0x00000827      0x134 DIO_program.o
                                0x301 (size before relaxing)
 .debug_str     0x0000095b       0x28 EEPROM_program.o
                                0x19f (size before relaxing)
 .debug_str     0x00000983      0x12a EXTI_program.o
                                0x2c7 (size before relaxing)
 .debug_str     0x00000aad       0x5f KPD_program.o
                                0x2c5 (size before relaxing)
 .debug_str     0x00000b0c       0xec LCD_program.o
                                0x3a3 (size before relaxing)
 .debug_str     0x00000bf8       0x2e LED_programe.o
                                0x251 (size before relaxing)
 .debug_str     0x00000c26       0x2b LM35_program.o
                                0x220 (size before relaxing)
 .debug_str     0x00000c51       0x52 main.o
                                0x3ac (size before relaxing)
 .debug_str     0x00000ca3       0x24 SERVO_program.o
                                0x1c4 (size before relaxing)
 .debug_str     0x00000cc7       0x96 smart_lock.o
                                0x429 (size before relaxing)
 .debug_str     0x00000d5d       0x30 SWT_program.o
                                0x23d (size before relaxing)
 .debug_str     0x00000d8d      0x103 UART_program.o
                                0x2df (size before relaxing)

.debug_loc      0x00000000     0x2e12
 *(.debug_loc)
 .debug_loc     0x00000000      0x116 ADC_program.o
 .debug_loc     0x00000116       0xc7 Air_condition.o
 .debug_loc     0x000001dd      0x622 Bluetooth_Control.o
 .debug_loc     0x000007ff      0x2e0 Control_Rooms.o
 .debug_loc     0x00000adf      0x642 DIO_program.o
 .debug_loc     0x00001121       0x4c EEPROM_program.o
 .debug_loc     0x0000116d      0x32e EXTI_program.o
 .debug_loc     0x0000149b      0x257 KPD_program.o
 .debug_loc     0x000016f2      0x624 LCD_program.o
 .debug_loc     0x00001d16      0x108 LED_programe.o
 .debug_loc     0x00001e1e       0x8b LM35_program.o
 .debug_loc     0x00001ea9       0x48 main.o
 .debug_loc     0x00001ef1       0x58 SERVO_program.o
 .debug_loc     0x00001f49      0xc1a smart_lock.o
 .debug_loc     0x00002b63       0x84 SWT_program.o
 .debug_loc     0x00002be7      0x22b UART_program.o

.debug_macinfo
 *(.debug_macinfo)

.debug_weaknames
 *(.debug_weaknames)

.debug_funcnames
 *(.debug_funcnames)

.debug_typenames
 *(.debug_typenames)

.debug_varnames
 *(.debug_varnames)

.debug_pubtypes
 *(.debug_pubtypes)

.debug_ranges   0x00000000      0x350
 *(.debug_ranges)
 .debug_ranges  0x00000000       0x18 ADC_program.o
 .debug_ranges  0x00000018       0x18 Air_condition.o
 .debug_ranges  0x00000030       0x80 Bluetooth_Control.o
 .debug_ranges  0x000000b0       0x18 Control_Rooms.o
 .debug_ranges  0x000000c8       0x20 DC_Motor_program.o
 .debug_ranges  0x000000e8       0x58 DIO_program.o
 .debug_ranges  0x00000140       0x18 EEPROM_program.o
 .debug_ranges  0x00000158       0x30 EXTI_program.o
 .debug_ranges  0x00000188       0x18 KPD_program.o
 .debug_ranges  0x000001a0       0x50 LCD_program.o
 .debug_ranges  0x000001f0       0x28 LED_programe.o
 .debug_ranges  0x00000218       0x18 LM35_program.o
 .debug_ranges  0x00000230       0x28 main.o
 .debug_ranges  0x00000258       0x20 SERVO_program.o
 .debug_ranges  0x00000278       0x58 smart_lock.o
 .debug_ranges  0x000002d0       0x18 SWT_program.o
 .debug_ranges  0x000002e8       0x68 UART_program.o

.debug_macro
 *(.debug_macro)
OUTPUT(S-H.elf elf32-avr)
LOAD linker stubs
